<html>
<body>
<pre>
<h1>礦ision Build Log</h1>
<h2>Tool Versions:</h2>
IDE-Version: μVision V5.39.0.0
Copyright (C) 2023 ARM Ltd and ARM Germany GmbH. All rights reserved.
License Information: songhao deng, QUT, LIC=65ISZ-J4EAG-JJJ6S-L03S3-IAFNR-MUDX7
 
Tool Versions:
Toolchain:       MDK-ARM Plus  Version: 5.39.0.0
Toolchain Path:  C:\User Programs\Keil_v5\ARM\ARM_Compiler_5.06u7\Bin
C Compiler:      Armcc.exe V5.06 update 7 (build 960)
Assembler:       Armasm.exe V5.06 update 7 (build 960)
Linker/Locator:  ArmLink.exe V5.06 update 7 (build 960)
Library Manager: ArmAr.exe V5.06 update 7 (build 960)
Hex Converter:   FromElf.exe V5.06 update 7 (build 960)
CPU DLL:         SARMCM3.DLL V5.39.0.0
Dialog DLL:      DCM.DLL V1.17.5.0
Target DLL:      CMSIS_AGDI.dll V1.33.16.0
Dialog DLL:      TCM.DLL V1.56.4.0
 
<h2>Project:</h2>
E:\IOT\软件部分\显示部分\SHENTOU (3)\MDK-ARM\SHENTOU.uvprojx
Project File Date:  06/11/2024

<h2>Output:</h2>
*** Using Compiler 'V5.06 update 7 (build 960)', folder: 'C:\User Programs\Keil_v5\ARM\ARM_Compiler_5.06u7\Bin'
Rebuild target 'SHENTOU'
assembling startup_stm32f407xx.s...
compiling stm32f4xx_hal_dma_ex.c...
compiling stm32f4xx_hal_flash_ex.c...
compiling stm32f4xx_hal_rcc_ex.c...
compiling stm32f4xx_ll_fsmc.c...
compiling stm32f4xx_hal_rcc.c...
compiling dma.c...
compiling stm32f4xx_hal_flash_ramfunc.c...
compiling stm32f4xx_hal_msp.c...
compiling fsmc.c...
compiling stm32f4xx_hal_dma.c...
compiling stm32f4xx_hal_gpio.c...
compiling stm32f4xx_hal_flash.c...
compiling stm32f4xx_it.c...
compiling gpio.c...
compiling main.c...
../Drivers/LCD/LCD.h(74): warning:  #1295-D: Deprecated declaration lcd_init - give arg types
  void lcd_init();
../Drivers/LCD/LCD.h(90): warning:  #1-D: last line of file ends without a newline
  #endif
../Core/Src/main.c: 2 warnings, 0 errors
compiling stm32f4xx_hal_pwr.c...
compiling stm32f4xx_hal_cortex.c...
compiling stm32f4xx_hal.c...
compiling stm32f4xx_hal_sram.c...
compiling system_stm32f4xx.c...
compiling ft5206.c...
../Drivers/LCD/lcd.h(74): warning:  #1295-D: Deprecated declaration lcd_init - give arg types
  void lcd_init();
../Drivers/LCD/lcd.h(90): warning:  #1-D: last line of file ends without a newline
  #endif
..\Drivers\Touch\ft5206.c: 2 warnings, 0 errors
compiling stm32f4xx_hal_tim_ex.c...
compiling stm32f4xx_hal_exti.c...
compiling stm32f4xx_hal_pwr_ex.c...
compiling lv_disp.c...
compiling stm32f4xx_hal_tim.c...
compiling lv_event.c...
..\lvgl\src\core\lv_event.c(120): warning:  #188-D: enumerated type mixed with another type
      return e->code & ~LV_EVENT_PREPROCESS;
..\lvgl\src\core\lv_event.c: 1 warning, 0 errors
compiling lv_group.c...
compiling lv_indev.c...
compiling lv_indev_scroll.c...
compiling LCD.c...
..\Drivers\LCD\LCD.h(74): warning:  #1295-D: Deprecated declaration lcd_init - give arg types
  void lcd_init();
..\Drivers\LCD\LCD.h(90): warning:  #1-D: last line of file ends without a newline
  #endif
..\Drivers\LCD\LCD.c(754): warning:  #1-D: last line of file ends without a newline
  }
..\Drivers\LCD\LCD.c(39): warning:  #177-D: function "lcd_rd_data"  was declared but never referenced
  static uint16_t lcd_rd_data(void)
..\Drivers\LCD\LCD.c: 4 warnings, 0 errors
compiling lv_obj_class.c...
compiling lv_obj_draw.c...
..\lvgl\src\core\lv_obj_draw.c(393): warning:  #188-D: enumerated type mixed with another type
      if(obj->spec_attr) return obj->spec_attr->layer_type;
..\lvgl\src\core\lv_obj_draw.c: 1 warning, 0 errors
compiling lv_obj.c...
compiling lv_obj_pos.c...
compiling lv_obj_scroll.c...
compiling lv_obj_style.c...
compiling lv_obj_tree.c...
compiling lv_obj_style_gen.c...
compiling lv_theme.c...
compiling lv_refr.c...
compiling lv_draw.c...
compiling lv_draw_arc.c...
compiling lv_draw_layer.c...
compiling lv_draw_img.c...
compiling lv_draw_label.c...
compiling lv_draw_line.c...
compiling lv_draw_rect.c...
compiling 24cxx.c...
compiling lv_draw_transform.c...
compiling lv_img_cache.c...
compiling lv_draw_mask.c...
compiling lv_draw_triangle.c...
compiling lv_img_buf.c...
compiling lv_draw_pxp.c...
compiling lv_draw_pxp_blend.c...
compiling lv_img_decoder.c...
compiling lv_gpu_arm2d.c...
compiling lv_gpu_nxp_pxp.c...
compiling lv_draw_vglite.c...
compiling lv_gpu_nxp_pxp_osa.c...
compiling lv_draw_vglite_arc.c...
compiling lv_draw_vglite_blend.c...
compiling lv_draw_vglite_line.c...
compiling lv_draw_vglite_rect.c...
compiling lv_vglite_buf.c...
compiling lv_vglite_utils.c...
compiling lv_gpu_d2_draw_label.c...
compiling lv_draw_sdl.c...
compiling gt9xxx.c...
../Drivers/LCD/lcd.h(74): warning:  #1295-D: Deprecated declaration lcd_init - give arg types
  void lcd_init();
../Drivers/LCD/lcd.h(90): warning:  #1-D: last line of file ends without a newline
  #endif
..\Drivers\Touch\gt9xxx.c: 2 warnings, 0 errors
compiling lv_gpu_d2_ra6m3.c...
compiling lv_draw_sdl_arc.c...
compiling lv_draw_sdl_bg.c...
compiling lv_draw_sdl_composite.c...
compiling lv_draw_sdl_img.c...
compiling myiic.c...
compiling lv_draw_sdl_label.c...
compiling lv_draw_sdl_layer.c...
compiling lv_draw_sdl_line.c...
compiling lv_draw_sdl_mask.c...
compiling ctiic.c...
compiling lv_draw_sdl_polygon.c...
compiling lv_draw_sdl_rect.c...
compiling lv_draw_sdl_stack_blur.c...
compiling lv_draw_sdl_texture_cache.c...
compiling lv_draw_sdl_utils.c...
compiling lv_gpu_stm32_dma2d.c...
compiling lv_draw_sw.c...
compiling lv_draw_sw_dither.c...
compiling lv_draw_sw_arc.c...
compiling lv_draw_sw_gradient.c...
compiling lv_draw_sw_blend.c...
compiling lv_draw_sw_img.c...
compiling lv_draw_sw_layer.c...
compiling lv_draw_sw_letter.c...
compiling lv_draw_sw_polygon.c...
compiling lv_draw_sw_line.c...
compiling lv_font.c...
compiling lv_gpu_swm341_dma2d.c...
compiling lv_draw_sw_transform.c...
compiling lv_font_fmt_txt.c...
..\lvgl\src\font\lv_font_fmt_txt.c(137): warning:  #111-D: statement is unreachable
      return NULL;
..\lvgl\src\font\lv_font_fmt_txt.c: 1 warning, 0 errors
compiling lv_draw_sw_rect.c...
..\lvgl\src\draw\sw\lv_draw_sw_rect.c(238): warning:  #546-D: transfer of control bypasses initialization of:
            variable "mask_any_center"  (declared at line 285)
          goto bg_clean_up;
          ^
..\lvgl\src\draw\sw\lv_draw_sw_rect.c: 1 warning, 0 errors
compiling lv_font_dejavu_16_persian_hebrew.c...
compiling touch.c...
../Drivers/LCD/lcd.h(74): warning:  #1295-D: Deprecated declaration lcd_init - give arg types
  void lcd_init();
../Drivers/LCD/lcd.h(90): warning:  #1-D: last line of file ends without a newline
  #endif
..\Drivers\Touch\touch.c(604): warning:  #111-D: statement is unreachable
      return 1;
..\Drivers\Touch\touch.c: 3 warnings, 0 errors
compiling lv_font_montserrat_8.c...
compiling lv_font_montserrat_10.c...
compiling lv_font_loader.c...
compiling delay.c...
compiling lv_font_montserrat_12.c...
compiling lv_font_montserrat_12_subpx.c...
compiling lv_font_montserrat_14.c...
compiling lv_font_montserrat_16.c...
compiling lv_font_montserrat_18.c...
compiling lv_font_montserrat_20.c...
compiling lv_font_montserrat_22.c...
compiling lv_font_montserrat_24.c...
compiling lv_port_disp_template.c...
../Drivers/LCD/lcd.h(74): warning:  #1295-D: Deprecated declaration lcd_init - give arg types
  void lcd_init();
../Drivers/LCD/lcd.h(90): warning:  #1-D: last line of file ends without a newline
  #endif
..\lvgl\examples\porting\lv_port_disp_template.c(20): warning:  #1215-D: #warning directive: Please define or replace the macro MY_DISP_HOR_RES with the actual screen width, default value 320 is used for now.
      #warning Please define or replace the macro MY_DISP_HOR_RES with the actual screen width, default value 320 is used for now.
..\lvgl\examples\porting\lv_port_disp_template.c(25): warning:  #1215-D: #warning directive: Please define or replace the macro MY_DISP_HOR_RES with the actual screen height, default value 240 is used for now.
      #warning Please define or replace the macro MY_DISP_HOR_RES with the actual screen height, default value 240 is used for now.
..\lvgl\examples\porting\lv_port_disp_template.c: 4 warnings, 0 errors
compiling lv_font_montserrat_26.c...
compiling lv_font_montserrat_28.c...
compiling lv_font_montserrat_28_compressed.c...
compiling lv_font_montserrat_30.c...
compiling lv_font_montserrat_32.c...
compiling lv_font_montserrat_34.c...
compiling lv_font_montserrat_36.c...
compiling lv_font_montserrat_38.c...
compiling lv_font_montserrat_40.c...
compiling lv_font_montserrat_42.c...
compiling lv_font_montserrat_44.c...
compiling lv_font_montserrat_46.c...
compiling lv_port_indev_template.c...
../Drivers/LCD/lcd.h(74): warning:  #1295-D: Deprecated declaration lcd_init - give arg types
  void lcd_init();
../Drivers/LCD/lcd.h(90): warning:  #1-D: last line of file ends without a newline
  #endif
..\lvgl\examples\porting\lv_port_indev_template.c(245): warning:  #177-D: function "mouse_init"  was declared but never referenced
  static void mouse_init(void)
..\lvgl\examples\porting\lv_port_indev_template.c(251): warning:  #177-D: function "mouse_read"  was declared but never referenced
  static void mouse_read(lv_indev_drv_t * indev_drv, lv_indev_data_t * data)
..\lvgl\examples\porting\lv_port_indev_template.c(287): warning:  #177-D: function "keypad_init"  was declared but never referenced
  static void keypad_init(void)
..\lvgl\examples\porting\lv_port_indev_template.c(293): warning:  #177-D: function "keypad_read"  was declared but never referenced
  static void keypad_read(lv_indev_drv_t * indev_drv, lv_indev_data_t * data)
..\lvgl\examples\porting\lv_port_indev_template.c(346): warning:  #177-D: function "encoder_init"  was declared but never referenced
  static void encoder_init(void)
..\lvgl\examples\porting\lv_port_indev_template.c(352): warning:  #177-D: function "encoder_read"  was declared but never referenced
  static void encoder_read(lv_indev_drv_t * indev_drv, lv_indev_data_t * data)
..\lvgl\examples\porting\lv_port_indev_template.c(360): warning:  #177-D: function "encoder_handler"  was declared but never referenced
  static void encoder_handler(void)
..\lvgl\examples\porting\lv_port_indev_template.c(373): warning:  #177-D: function "button_init"  was declared but never referenced
  static void button_init(void)
..\lvgl\examples\porting\lv_port_indev_template.c(379): warning:  #177-D: function "button_read"  was declared but never referenced
  static void button_read(lv_indev_drv_t * indev_drv, lv_indev_data_t * data)
..\lvgl\examples\porting\lv_port_indev_template.c: 11 warnings, 0 errors
compiling lv_font_montserrat_48.c...
compiling lv_font_simsun_16_cjk.c...
compiling lv_font_unscii_8.c...
compiling lv_font_unscii_16.c...
compiling lv_hal_indev.c...
compiling lv_hal_disp.c...
..\lvgl\src\hal\lv_hal_disp.c(582): warning:  #188-D: enumerated type mixed with another type
      return disp->driver->rotated;
..\lvgl\src\hal\lv_hal_disp.c: 1 warning, 0 errors
compiling lv_hal_tick.c...
compiling lv_anim_timeline.c...
compiling lv_async.c...
compiling lv_anim.c...
compiling lv_bidi.c...
compiling lv_area.c...
compiling lv_color.c...
compiling lv_fs.c...
compiling lv_gc.c...
compiling lv_log.c...
compiling lv_math.c...
compiling lv_ll.c...
compiling lv_lru.c...
..\lvgl\src\misc\lv_lru.c(241): warning:  #68-D: integer conversion resulted in a change of sign
      uint32_t i = 0, min_index = -1;
..\lvgl\src\misc\lv_lru.c(242): warning:  #68-D: integer conversion resulted in a change of sign
      uint64_t min_access_count = -1;
..\lvgl\src\misc\lv_lru.c: 2 warnings, 0 errors
compiling lv_mem.c...
..\lvgl\src\misc\lv_mem.c(325): warning:  #111-D: statement is unreachable
      return NULL;
..\lvgl\src\misc\lv_mem.c: 1 warning, 0 errors
compiling lv_templ.c...
compiling lv_printf.c...
compiling lv_timer.c...
compiling lv_style.c...
..\lvgl\src\misc\lv_style.c(214): warning:  #188-D: enumerated type mixed with another type
      return last_custom_prop_id;
..\lvgl\src\misc\lv_style.c(219): warning:  #188-D: enumerated type mixed with another type
      return last_custom_prop_id - _LV_STYLE_LAST_BUILT_IN_PROP;
..\lvgl\src\misc\lv_style.c(290): warning:  #188-D: enumerated type mixed with another type
      lv_style_set_prop_internal(style, prop | meta, null_style_value, lv_style_set_prop_meta_helper);
..\lvgl\src\misc\lv_style.c: 3 warnings, 0 errors
compiling lv_style_gen.c...
compiling lv_tlsf.c...
..\lvgl\src\misc\lv_tlsf.c(898): warning:  #68-D: integer conversion resulted in a change of sign
          offset_to_block(pool, -(int)block_header_overhead);
..\lvgl\src\misc\lv_tlsf.c(1000): warning:  #68-D: integer conversion resulted in a change of sign
      block = offset_to_block(mem, -(tlsfptr_t)block_header_overhead);
..\lvgl\src\misc\lv_tlsf.c(1018): warning:  #68-D: integer conversion resulted in a change of sign
      block_header_t * block = offset_to_block(pool, -(int)block_header_overhead);
..\lvgl\src\misc\lv_tlsf.c: 3 warnings, 0 errors
compiling lv_utils.c...
compiling lv_txt_ap.c...
compiling lv_txt.c...
compiling lv_btn.c...
compiling lv_arc.c...
compiling lv_bar.c...
compiling lv_btnmatrix.c...
compiling lv_checkbox.c...
compiling lv_canvas.c...
compiling lv_objx_templ.c...
compiling lv_img.c...
compiling lv_dropdown.c...
compiling lv_line.c...
compiling lv_label.c...
compiling lv_roller.c...
compiling lv_switch.c...
compiling lv_slider.c...
compiling lv_table.c...
compiling lv_textarea.c...
compiling lv_flex.c...
compiling lv_grid.c...
..\lvgl\src\extra\layouts\grid\lv_grid.c(591): warning:  #188-D: enumerated type mixed with another type
      lv_grid_align_t col_align = get_cell_col_align(item);
..\lvgl\src\extra\layouts\grid\lv_grid.c(592): warning:  #188-D: enumerated type mixed with another type
      lv_grid_align_t row_align = get_cell_row_align(item);
..\lvgl\src\extra\layouts\grid\lv_grid.c: 2 warnings, 0 errors
compiling lv_theme_basic.c...
compiling lv_theme_mono.c...
compiling lv_animimg.c...
compiling lv_calendar_header_arrow.c...
compiling lv_calendar_header_dropdown.c...
compiling lv_calendar.c...
compiling lv_theme_default.c...
..\lvgl\src\extra\themes\default\lv_theme_default.c(213): warning:  #188-D: enumerated type mixed with another type
..\lvgl\src\extra\themes\default\lv_theme_default.c: 1 warning, 0 errors
compiling lv_keyboard.c...
compiling lv_list.c...
compiling lv_colorwheel.c...
compiling lv_imgbtn.c...
compiling lv_led.c...
compiling lv_menu.c...
compiling lv_chart.c...
compiling lv_meter.c...
compiling lv_msgbox.c...
compiling lv_spinner.c...
compiling lv_spinbox.c...
compiling lv_tileview.c...
compiling lv_tabview.c...
compiling lv_span.c...
..\lvgl\src\extra\widgets\span\lv_span.c(901): warning:  #546-D: transfer of control bypasses initialization of:
            variable "align"  (declared at line 905)
              goto Next_line_init;
              ^
..\lvgl\src\extra\widgets\span\lv_span.c: 1 warning, 0 errors
compiling lv_win.c...
compiling lv_extra.c...
compiling custom.c...
compiling lv_demo_stress.c...
..\lvgl\stress\lv_demo_stress.c(80): warning:  #546-D: transfer of control bypasses initialization of:
            variable "scale"  (declared at line 256)
      switch(state) {
      ^
..\lvgl\stress\lv_demo_stress.c: 1 warning, 0 errors
compiling events_init.c...
compiling gui_guider.c...
compiling widgets_init.c...
compiling setup_scr_screen.c...
compiling lv_font_montserratMedium_12.c...
compiling lv_font_montserratMedium_16.c...
compiling lv_font_SourceHanSerifSC_Regular_18.c...
linking...
Program Size: Code=181242 RO-data=76922 RW-data=672 ZI-data=82248  
FromELF: creating hex file...
"SHENTOU\SHENTOU.axf" - 0 Error(s), 47 Warning(s).

<h2>Software Packages used:</h2>

Package Vendor: ARM
                http://www.keil.com/pack/ARM.CMSIS.5.9.0.pack
                ARM::CMSIS@5.9.0
                CMSIS (Common Microcontroller Software Interface Standard)
   * Component: CORE Version: 5.6.0

Package Vendor: Keil
                https://www.keil.com/pack/Keil.STM32F4xx_DFP.2.17.1.pack
                Keil::STM32F4xx_DFP@2.17.1
                STMicroelectronics STM32F4 Series Device Support, Drivers and Examples

<h2>Collection of Component include folders:</h2>
  ./RTE/_SHENTOU
  C:/Users/16664/AppData/Local/Arm/Packs/ARM/CMSIS/5.9.0/CMSIS/Core/Include
  C:/Users/16664/AppData/Local/Arm/Packs/Keil/STM32F4xx_DFP/2.17.1/Drivers/CMSIS/Device/ST/STM32F4xx/Include

<h2>Collection of Component Files used:</h2>

   * Component: ARM::CMSIS:CORE@5.6.0
      Include file:  CMSIS/Core/Include/tz_context.h
Build Time Elapsed:  00:00:17
</pre>
</body>
</html>
